1. How to check your Autoware Version and check if Autoware and Planer is on same Version

$ cd autoware
$ git branch --show-current
$ git describe --tags --exact-match

you should get your version like example 0.43.1, if you got an error you need to update Autoware


2. How to update Autoware

$ cd autoware

$ sudo rm -rf src/*
$ sudo rm -rf build log install

$ git pull
$ git checkout tags/0.43.1 #use latest version

$ vcs import src < autoware.repos
$ vcs import src < tools.repos

$ rosdep install -y --from-paths src --ignore-src --rosdistro $ROS_DISTRO
#important to create all dependencies

$ colcon build --symlink-install --cmake-args -DCMAKE_BUILD_TYPE=Release

$ source install/setup.bash


3. Planer problem, if you can drive only one time and then you need to restart the Planer

# this is a copy of this link from Autoware
https://autowarefoundation.github.io/autoware-documentation/main/installation/additional-settings-for-developers/network-configuration/dds-settings/#tune-dds-settings

Tune system-wide network settings#

Set the config file path and enlarge the Linux kernel maximum buffer size before launching Autoware.

# Increase the maximum receive buffer size for network packets
sudo sysctl -w net.core.rmem_max=2147483647  # 2 GiB, default is 208 KiB

# IP fragmentation settings
sudo sysctl -w net.ipv4.ipfrag_time=3  # in seconds, default is 30 s
sudo sysctl -w net.ipv4.ipfrag_high_thresh=134217728  # 128 MiB, default is 256 KiB

To make it permanent,

sudo nano /etc/sysctl.d/10-cyclone-max.conf

Paste the following into the file:

# Increase the maximum receive buffer size for network packets
net.core.rmem_max=2147483647  # 2 GiB, default is 208 KiB

# IP fragmentation settings
net.ipv4.ipfrag_time=3  # in seconds, default is 30 s
net.ipv4.ipfrag_high_thresh=134217728  # 128 MiB, default is 256 KiB

Details of each parameter here is explained in the ROS 2 documentation.
Validate the sysctl settings#

user@pc$ sysctl net.core.rmem_max net.ipv4.ipfrag_time net.ipv4.ipfrag_high_thresh
net.core.rmem_max = 2147483647
net.ipv4.ipfrag_time = 3
net.ipv4.ipfrag_high_thresh = 134217728

CycloneDDS Configuration#

Save the following file as ~/cyclonedds.xml.

<?xml version="1.0" encoding="UTF-8" ?>
<CycloneDDS xmlns="https://cdds.io/config" xmlns:xsi="http://www.w3.org/2001/XMLSchema-instance" xsi:schemaLocation="https://cdds.io/config https://raw.githubusercontent.com/eclipse-cyclonedds/cyclonedds/master/etc/cyclonedds.xsd">
  <Domain Id="any">
    <General>
      <Interfaces>
        <NetworkInterface autodetermine="false" name="lo" priority="default" multicast="default" />
      </Interfaces>
      <AllowMulticast>default</AllowMulticast>
      <MaxMessageSize>65500B</MaxMessageSize>
    </General>
    <Internal>
      <SocketReceiveBufferSize min="10MB"/>
      <Watermarks>
        <WhcHigh>500kB</WhcHigh>
      </Watermarks>
    </Internal>
  </Domain>
</CycloneDDS>

Then add the following lines to your ~/.bashrc file.

export RMW_IMPLEMENTATION=rmw_cyclonedds_cpp

export CYCLONEDDS_URI=file:///absolute/path/to/cyclonedds.xml
# Replace `/absolute/path/to/cyclonedds.xml` with the actual path to the file.
# Example: export CYCLONEDDS_URI=file:///home/user/cyclonedds.xml

You can refer to Eclipse Cyclone DDS: Run-time configuration documentation for more details.

$ sudo ip link set lo multicast on
